// Jest Snapshot v1, https://goo.gl/fbAQLP

exports[`snapshots with variant in the cart 1`] = `
<button
  onClick={[Function]}
>
  Remove
</button>
`;

exports[`snapshots with variant not in the cart 1`] = `null`;
