// Jest Snapshot v1, https://goo.gl/fbAQLP

exports[`snapshots with product in the cart 1`] = `
<em>
  This product is in your cart
</em>
`;

exports[`snapshots with product not in the cart 1`] = `null`;
